{
    "patterns": {},
    "categories": [],
    "breakfast": [
        "eggs",
        "bacon",
        "toast"
    ]
}
