<html>
  <body>
    <div class="code-example"><pre><code class="html"><span class="hljs-tag">&lt;<span class="hljs-name">section</span> <span class="hljs-attr">class</span>=<span class="hljs-string">"galaxy"</span>&gt;</span>
        <span class="hljs-tag">&lt;<span class="hljs-name">div</span> <span class="hljs-attr">class</span>=<span class="hljs-string">"planet"</span>&gt;</span>
            <span class="hljs-tag">&lt;<span class="hljs-name">h1</span> <span class="hljs-attr">id</span>=<span class="hljs-string">"earth"</span>&gt;</span>
                some markup...
            <span class="hljs-tag">&lt;/<span class="hljs-name">h1</span>&gt;</span>
        <span class="hljs-tag">&lt;/<span class="hljs-name">div</span>&gt;</span>
        <span class="hljs-tag">&lt;<span class="hljs-name">span</span> <span class="hljs-attr">id</span>=<span class="hljs-string">"sun"</span>&gt;</span>
            more markup...
        <span class="hljs-tag">&lt;/<span class="hljs-name">span</span>&gt;</span>
    <span class="hljs-tag">&lt;/<span class="hljs-name">section</span>&gt;</span>
    </code></pre></div>  </body>
</html>
