{
    "patterns": {},
    "categories": [],
    "breakfast": {
        "items": [
            "eggs",
            "bacon",
            "toast"
        ]
    }
}
